
> crm-app@0.1.0 build
> next build

Ôû▓ Next.js 16.1.6 (Turbopack)
- Environments: .env.local

node.exe : ÔÜá The "middleware" file convention is 
deprecated. Please use "proxy" instead. Learn 
more: https://nextjs.org/docs/messages/middleware-t
o-proxy
At line:1 char:1
+ & "C:\Program Files\nodejs/node.exe" "C:\Program 
Files\nodejs/node_mo ...
+ ~~~~~~~~~~~~~~~~~~~~~~~~~~~~~~~~~~~~~~~~~~~~~~~~~
~~~~~~~~~~~~~~~~~~~~
    + CategoryInfo          : NotSpecified: (ÔÜá T 
   he "middle...leware-to-proxy:String) [], Remot  
  eException
    + FullyQualifiedErrorId : NativeCommandError
 
  Creating an optimized production build ...
Ô£ô Compiled successfully in 6.7s
  Running TypeScript ...
  Collecting page data using 15 workers ...
  Generating static pages using 15 workers (0/40) ...
  Generating static pages using 15 workers (10/40) 
Ô¿» useSearchParams() should be wrapped in a 
suspense boundary at page "/u/billing". Read more: 
https://nextjs.org/docs/messages/missing-suspense-w
ith-csr-bailout
    at Q (D:\SAAS CRM V1\crm-app\.next\server\chunk
s\ssr\node_modules_next_f2865b38._.js:2:2111)
    at o (D:\SAAS CRM V1\crm-app\.next\server\chunk
s\ssr\node_modules_next_f2865b38._.js:4:5284)
    at o (D:\SAAS CRM V1\crm-app\.next\server\chunk
s\ssr\_dddcadf4._.js:1:3736)
    at an (D:\SAAS CRM V1\crm-app\node_modules\next
\dist\compiled\next-server\app-page-turbo.runtime.p
rod.js:2:84360)
    at ai (D:\SAAS CRM V1\crm-app\node_modules\next
\dist\compiled\next-server\app-page-turbo.runtime.p
rod.js:2:86179)
    at al (D:\SAAS CRM V1\crm-app\node_modules\next
\dist\compiled\next-server\app-page-turbo.runtime.p
rod.js:2:107953)
    at as (D:\SAAS CRM V1\crm-app\node_modules\next
\dist\compiled\next-server\app-page-turbo.runtime.p
rod.js:2:105368)
    at aa (D:\SAAS CRM V1\crm-app\node_modules\next
\dist\compiled\next-server\app-page-turbo.runtime.p
rod.js:2:84712)
    at ai (D:\SAAS CRM V1\crm-app\node_modules\next
\dist\compiled\next-server\app-page-turbo.runtime.p
rod.js:2:86228)
    at ai (D:\SAAS CRM V1\crm-app\node_modules\next
\dist\compiled\next-server\app-page-turbo.runtime.p
rod.js:2:104708)
Error occurred prerendering page "/u/billing". 
Read more: 
https://nextjs.org/docs/messages/prerender-error
Export encountered an error on /u/billing/page: 
/u/billing, exiting the build.
Ô¿» Next.js build worker exited with code: 1 and 
signal: null
