[dotenv@17.3.1] injecting env (3) from .env.local -- tip: ­ƒñû agentic secret storage: https://dotenvx.com/as2
node.exe : EXPECTED ERROR: Could not find the 
'source_label' column of 'leads' in the schema cache
At line:1 char:1
+ & "C:\Program Files\nodejs/node.exe" "C:\Program 
Files\nodejs/node_mo ...
+ ~~~~~~~~~~~~~~~~~~~~~~~~~~~~~~~~~~~~~~~~~~~~~~~~~~~~~
~~~~~~~~~~~~~~~~
    + CategoryInfo          : NotSpecified: (EXPECTED  
   ERROR:...he schema cache:String) [], RemoteExcepti  
  on
    + FullyQualifiedErrorId : NativeCommandError
 
